// Jest Snapshot v1, https://goo.gl/fbAQLP

exports[`should render my component 1`] = `
<div
  className="loader-wrapp"
>
  <div
    className="loader"
  >
    <div />
    <div />
  </div>
</div>
`;
