// Jest Snapshot v1, https://goo.gl/fbAQLP

exports[`should render my component 1`] = `
<div
  className="container"
>
  <div
    className="product-description"
  >
    <span
      className="product-description--header"
    >
      Descripci√≥n del producto
    </span>
    <p
      className="product-description--paragraph"
    >
      Lorem ipsum
    </p>
  </div>
</div>
`;
